[INFO] Scanning for projects...
[INFO] 
[INFO] ---------------------------< com.boebel:api >---------------------------
[INFO] Building  0.0.1-SNAPSHOT
[INFO]   from pom.xml
[INFO] --------------------------------[ jar ]---------------------------------
[INFO] 
[INFO] >>> spring-boot:4.1.0:run (default-cli) > test-compile @ api >>>
[INFO] 
[INFO] --- resources:3.5.0:resources (default-resources) @ api ---
[INFO] Copying 1 resource from src/main/resources to target/classes
[INFO] Copying 0 resource from src/main/resources to target/classes
[INFO] 
[INFO] --- compiler:3.15.0:compile (default-compile) @ api ---
[INFO] Recompiling the module because of changed source code.
[INFO] Compiling 27 source files with javac [debug parameters release 21] to target/classes
[INFO] 
[INFO] --- resources:3.5.0:testResources (default-testResources) @ api ---
[INFO] skip non existing resourceDirectory /home/iago/Documents/Aula SED 2026/boebel-games/api/src/test/resources
[INFO] 
[INFO] --- compiler:3.15.0:testCompile (default-testCompile) @ api ---
[INFO] Recompiling the module because of changed dependency.
[INFO] Compiling 1 source file with javac [debug parameters release 21] to target/test-classes
[INFO] 
[INFO] <<< spring-boot:4.1.0:run (default-cli) < test-compile @ api <<<
[INFO] 
[INFO] 
[INFO] --- spring-boot:4.1.0:run (default-cli) @ api ---
[INFO] Attaching agents: []

  .   ____          _            __ _ _
 /\\ / ___'_ __ _ _(_)_ __  __ _ \ \ \ \
( ( )\___ | '_ | '_| | '_ \/ _` | \ \ \ \
 \\/  ___)| |_)| | | | | || (_| |  ) ) ) )
  '  |____| .__|_| |_|_| |_\__, | / / / /
 =========|_|==============|___/=/_/_/_/

 :: Spring Boot ::                (v4.1.0)

2026-09-21T15:13:13.487-03:00  INFO 175745 --- [boebel-games-api] [           main] com.boebel.api.ApiApplication            : Starting ApiApplication using Java 21.0.9 with PID 175745 (/home/iago/Documents/Aula SED 2026/boebel-games/api/target/classes started by iago in /home/iago/Documents/Aula SED 2026/boebel-games/api)
2026-09-21T15:13:13.489-03:00  INFO 175745 --- [boebel-games-api] [           main] com.boebel.api.ApiApplication            : No active profile set, falling back to 1 default profile: "default"
2026-09-21T15:13:13.862-03:00  INFO 175745 --- [boebel-games-api] [           main] .s.d.r.c.RepositoryConfigurationDelegate : Bootstrapping Spring Data JPA repositories in DEFAULT mode.
2026-09-21T15:13:13.891-03:00  INFO 175745 --- [boebel-games-api] [           main] .s.d.r.c.RepositoryConfigurationDelegate : Finished Spring Data repository scanning in 24 ms. Found 4 JPA repository interfaces.
2026-09-21T15:13:14.157-03:00  INFO 175745 --- [boebel-games-api] [           main] o.s.boot.tomcat.TomcatWebServer          : Tomcat initialized with port 8080 (http)
2026-09-21T15:13:14.165-03:00  INFO 175745 --- [boebel-games-api] [           main] o.apache.catalina.core.StandardService   : Starting service [Tomcat]
2026-09-21T15:13:14.165-03:00  INFO 175745 --- [boebel-games-api] [           main] o.apache.catalina.core.StandardEngine    : Starting Servlet engine: [Apache Tomcat/11.0.22]
2026-09-21T15:13:14.185-03:00  INFO 175745 --- [boebel-games-api] [           main] b.w.c.s.WebApplicationContextInitializer : Root WebApplicationContext: initialization completed in 672 ms
2026-09-21T15:13:14.268-03:00  INFO 175745 --- [boebel-games-api] [           main] org.hibernate.orm.jpa                    : HHH008540: Processing PersistenceUnitInfo [name: default]
2026-09-21T15:13:14.290-03:00  INFO 175745 --- [boebel-games-api] [           main] org.hibernate.orm.core                   : HHH000001: Hibernate ORM core version 7.4.1.Final
2026-09-21T15:13:14.490-03:00  INFO 175745 --- [boebel-games-api] [           main] o.s.o.j.p.SpringPersistenceUnitInfo      : No LoadTimeWeaver setup: ignoring JPA class transformer
2026-09-21T15:13:14.506-03:00  INFO 175745 --- [boebel-games-api] [           main] com.zaxxer.hikari.HikariDataSource       : HikariPool-1 - Starting...
2026-09-21T15:13:14.585-03:00  INFO 175745 --- [boebel-games-api] [           main] com.zaxxer.hikari.pool.HikariPool        : HikariPool-1 - Added connection org.postgresql.jdbc.PgConnection@6143b2b1
2026-09-21T15:13:14.586-03:00  INFO 175745 --- [boebel-games-api] [           main] com.zaxxer.hikari.HikariDataSource       : HikariPool-1 - Start completed.
2026-09-21T15:13:14.601-03:00  WARN 175745 --- [boebel-games-api] [           main] org.hibernate.orm.deprecation            : HHH90000025: PostgreSQLDialect does not need to be specified explicitly using 'hibernate.dialect' (remove the property setting and it will be selected by default)
2026-09-21T15:13:14.612-03:00  INFO 175745 --- [boebel-games-api] [           main] org.hibernate.orm.connections.pooling    : HHH10001005: Database info:
	Database JDBC URL [jdbc:postgresql://localhost:5432/boebelgames]
	Database driver: PostgreSQL JDBC Driver
	Database dialect: PostgreSQLDialect
	Database version: 15.18
	Default catalog/schema: boebelgames/public
	Autocommit mode: undefined/unknown
	Isolation level: READ_COMMITTED [default READ_COMMITTED]
	JDBC fetch size: none
	Pool: DataSourceConnectionProvider
	Minimum pool size: undefined/unknown
	Maximum pool size: undefined/unknown
2026-09-21T15:13:15.209-03:00  INFO 175745 --- [boebel-games-api] [           main] org.hibernate.orm.core                   : HHH000489: No JTA platform available (set 'hibernate.transaction.jta.platform' to enable JTA platform integration)
2026-09-21T15:13:15.261-03:00  INFO 175745 --- [boebel-games-api] [           main] j.LocalContainerEntityManagerFactoryBean : Initialized JPA EntityManagerFactory for persistence unit 'default'
2026-09-21T15:13:15.294-03:00  INFO 175745 --- [boebel-games-api] [           main] o.s.d.j.r.query.QueryEnhancerFactories   : Hibernate is in classpath; If applicable, HQL parser will be used.
2026-09-21T15:13:15.735-03:00  INFO 175745 --- [boebel-games-api] [           main] eAuthenticationProviderManagerConfigurer : Global AuthenticationManager configured with AuthenticationProvider bean with name authenticationProvider
2026-09-21T15:13:15.736-03:00  WARN 175745 --- [boebel-games-api] [           main] r$InitializeUserDetailsManagerConfigurer : Global AuthenticationManager configured with an AuthenticationProvider bean. UserDetailsService beans will not be used by Spring Security for automatically configuring username/password login. Consider removing the AuthenticationProvider bean. Alternatively, consider using the UserDetailsService in a manually instantiated DaoAuthenticationProvider. If the current configuration is intentional, to turn off this warning, increase the logging level of 'org.springframework.security.config.annotation.authentication.configuration.InitializeUserDetailsBeanManagerConfigurer' to ERROR
2026-09-21T15:13:15.756-03:00  WARN 175745 --- [boebel-games-api] [           main] JpaBaseConfiguration$JpaWebConfiguration : spring.jpa.open-in-view is enabled by default. Therefore, database queries may be performed during view rendering. Explicitly configure spring.jpa.open-in-view to disable this warning
2026-09-21T15:13:15.820-03:00  WARN 175745 --- [boebel-games-api] [           main] ConfigServletWebServerApplicationContext : Exception encountered during context initialization - cancelling refresh attempt: org.springframework.beans.factory.UnsatisfiedDependencyException: Error creating bean with name 'org.springframework.security.config.annotation.web.configuration.WebSecurityConfiguration': Unsatisfied dependency expressed through method 'setFilterChains' parameter 0: Error creating bean with name 'securityFilterChain' defined in class path resource [com/boebel/api/config/SecurityConfig.class]: Failed to instantiate [org.springframework.security.web.SecurityFilterChain]: Factory method 'securityFilterChain' threw exception with message: {*...} or ** pattern elements should be placed at the start or end of the pattern
2026-09-21T15:13:15.821-03:00  INFO 175745 --- [boebel-games-api] [           main] j.LocalContainerEntityManagerFactoryBean : Closing JPA EntityManagerFactory for persistence unit 'default'
2026-09-21T15:13:15.823-03:00  INFO 175745 --- [boebel-games-api] [           main] com.zaxxer.hikari.HikariDataSource       : HikariPool-1 - Shutdown initiated...
2026-09-21T15:13:15.824-03:00  INFO 175745 --- [boebel-games-api] [           main] com.zaxxer.hikari.HikariDataSource       : HikariPool-1 - Shutdown completed.
2026-09-21T15:13:15.827-03:00  INFO 175745 --- [boebel-games-api] [           main] o.apache.catalina.core.StandardService   : Stopping service [Tomcat]
2026-09-21T15:13:15.834-03:00  INFO 175745 --- [boebel-games-api] [           main] .s.b.a.l.ConditionEvaluationReportLogger : 

Error starting ApplicationContext. To display the condition evaluation report re-run your application with 'debug' enabled.
2026-09-21T15:13:15.841-03:00 ERROR 175745 --- [boebel-games-api] [           main] o.s.b.d.LoggingFailureAnalysisReporter   : 

***************************
APPLICATION FAILED TO START
***************************

Description:

Invalid mapping pattern detected:
/api/tickets/sessions/**/status
                      ^
{*...} or ** pattern elements should be placed at the start or end of the pattern

Action:

Fix this pattern in your application or switch to the legacy parser implementation with 'spring.mvc.pathmatch.matching-strategy=ant_path_matcher'.

[INFO] ------------------------------------------------------------------------
[INFO] BUILD FAILURE
[INFO] ------------------------------------------------------------------------
[INFO] Total time:  5.726 s
[INFO] Finished at: 2026-09-21T15:13:15-03:00
[INFO] ------------------------------------------------------------------------
[ERROR] Failed to execute goal org.springframework.boot:spring-boot-maven-plugin:4.1.0:run (default-cli) on project api: Process terminated with exit code: 1 -> [Help 1]
[ERROR] 
[ERROR] To see the full stack trace of the errors, re-run Maven with the -e switch.
[ERROR] Re-run Maven using the -X switch to enable full debug logging.
[ERROR] 
[ERROR] For more information about the errors and possible solutions, please read the following articles:
[ERROR] [Help 1] http://cwiki.apache.org/confluence/display/MAVEN/MojoExecutionException
